started A and B
Allow next
A : 0
Allow next
B : 0
Allow next
A : 1
Allow next
B : 1
Allow next
A : 2
Allow next
B : 2
Allow next
B : 3
Allow next
B : 4
